[vcard.bizzlog.com/login2creations.html]
[backblue.gif]
[fade.gif]
[index.html]
[vcard.bizzlog.com/uploads/settings/17/favicon-16x16.png]
[vcard.bizzlog.com/uploads/vcards/covers/2120/slider-(1)-(1).jpg]
[vcard.bizzlog.com/uploads/vcards/profiles/15/profile.jpg]
[vcard.bizzlog.com/assets/img/vcard8/vcard8-email.png]
[vcard.bizzlog.com/assets/img/vcard8/vcard8-phone.png]
[vcard.bizzlog.com/assets/img/vcard8/alter-whatsapp.png]
[vcard.bizzlog.com/assets/img/vcard8/vcard8-location.png]
[vcard.bizzlog.com/uploads/vcards/services/4/coding.png]
[vcard.bizzlog.com/uploads/vcards/services/5/software-icon1.png]
[vcard.bizzlog.com/uploads/vcards/services/6/android-icon.png]
[vcard.bizzlog.com/uploads/vcards/services/7/ecommerce.png]
[vcard.bizzlog.com/uploads/vcards/gallery/12/2022-10-01-(1).jpg]
[vcard.bizzlog.com/uploads/vcards/gallery/13/2022-10-01-(2).jpg]
[vcard.bizzlog.com/uploads/vcards/gallery/14/2022-10-01.jpg]
[vcard.bizzlog.com/uploads/vcards/products/19/BISLOG.png]
[vcard.bizzlog.com/uploads/vcards/products/16/LOGO-1080.png]
[vcard.bizzlog.com/uploads/vcards/testimonials/21/Screenshot-2023-01-02-165909.jpg]
[vcard.bizzlog.com/uploads/vcards/testimonials/22/download-(1).jpg]
[vcard.bizzlog.com/login2creations.vcf]
[vcard.bizzlog.com/assets/js/front-third-party.js]
[vcard.bizzlog.com/front/js/bootstrap.bundle.min.js]
[vcard.bizzlog.com/assets/js/slider/js/slick.min.js]
[vcard.bizzlog.com/vcard/1/check-password]
[vcard.bizzlog.com/vcard/1/enquiry/store7edb]
[vcard.bizzlog.com/vcard/1/appointment/store7edb]
[vcard.bizzlog.com/session-time/login2creations]
[vcard.bizzlog.com/language]
[vcard.bizzlog.com/admin/paypal-onboard.24.delayed]
[vcard.bizzlog.com/login.html]
[vcard.bizzlog.com/assets/js/messages.js]
[vcard.bizzlog.com/index.html]
[vcard.bizzlog.com/assets/js/custom/helpersb093.js]
[vcard.bizzlog.com/assets/js/custom/custom9df2.js]
[vcard.bizzlog.com/assets/js/vcards/vcard-view96ce.js]
[vcard.bizzlog.com/login2creations.html]
[vcard.bizzlog.com/front/css/bootstrap.min.css]
[vcard.bizzlog.com/images/background-imagecbe5.png]
[vcard.bizzlog.com/assets/css/vcard8.css]
[vcard.bizzlog.com/assets/css/custom-vcard.css]
[vcard.bizzlog.com/assets/css/slider/css/slick.css]
[vcard.bizzlog.com/assets/css/slider/css/ajax-loader.gif]
[vcard.bizzlog.com/assets/css/slider/css/fonts/slick.eot]
[vcard.bizzlog.com/assets/css/slider/css/fonts/slickd41d.eot]
[vcard.bizzlog.com/assets/css/slider/css/fonts/slick.woff]
[vcard.bizzlog.com/assets/css/slider/css/fonts/slick.ttf]
[vcard.bizzlog.com/assets/css/slider/css/fonts/slick.svg]
[vcard.bizzlog.com/assets/css/slider/css/slick-theme.min.css]
[vcard.bizzlog.com/assets/webfonts/fa-brands-400.woff2]
[vcard.bizzlog.com/assets/webfonts/fa-brands-400.ttf]
[vcard.bizzlog.com/assets/webfonts/fa-regular-400.woff2]
[vcard.bizzlog.com/assets/webfonts/fa-regular-400.ttf]
[vcard.bizzlog.com/assets/webfonts/fa-solid-900.woff2]
[vcard.bizzlog.com/assets/webfonts/fa-solid-900.ttf]
[vcard.bizzlog.com/assets/webfonts/fa-v4compatibility.woff2]
[vcard.bizzlog.com/assets/webfonts/fa-v4compatibility.ttf]
[vcard.bizzlog.com/assets/css/fonts/bootstrap-iconse8a7.woff2]
[vcard.bizzlog.com/assets/css/fonts/bootstrap-iconse8a7.woff]
[vcard.bizzlog.com/assets/images/sort_both.png]
[vcard.bizzlog.com/assets/images/sort_asc.png]
[vcard.bizzlog.com/assets/images/sort_desc.png]
[vcard.bizzlog.com/assets/images/sort_asc_disabled.png]
[vcard.bizzlog.com/assets/images/sort_desc_disabled.png]
[vcard.bizzlog.com/assets/img/flags.png]
[vcard.bizzlog.com/assets/img/flags@2x.png]
[vcard.bizzlog.com/assets/css/third-party.css]
[vcard.bizzlog.com/fonts/Poppins-Regular7cc4.ttf]
[vcard.bizzlog.com/fonts/Poppins-Bold5d94.ttf]
[vcard.bizzlog.com/fonts/Poppins-BoldItalic848f.ttf]
[vcard.bizzlog.com/fonts/Poppins-Medium5e5a.ttf]
[vcard.bizzlog.com/fonts/Poppins-MediumItalic855c.ttf]
[vcard.bizzlog.com/assets/css/style.css]
[vcard.bizzlog.com/css/plugins.css]
[vcard.bizzlog.com/login2creations-2.html]
[vcard.bizzlog.com/vcard/1/check-password.html]
[vcard.bizzlog.com/vcard/1/enquiry/store7edb.html]
[vcard.bizzlog.com/vcard/1/appointment/store7edb.html]
[vcard.bizzlog.com/session-time/login2creations.html]
[vcard.bizzlog.com/language.html]
[vcard.bizzlog.com/uploads/settings/3/BISLOG.png]
[vcard.bizzlog.com/forgot-password.html]
[vcard.bizzlog.com/register.html]
[vcard.bizzlog.com/assets/js/front-third-party9e24.js]
[vcard.bizzlog.com/assets/js/auth/auth4b13.js]
[vcard.bizzlog.com/login.html]
[vcard.bizzlog.com/index.html]
[vcard.bizzlog.com/assets/css/slider/css/fonts/slick.html]
[vcard.bizzlog.com/assets/css/slider/css/fonts/slickd41d.html]
[vcard.bizzlog.com/assets/css/slider/css/fonts/slick-2.html]
[vcard.bizzlog.com/assets/css/slider/css/fonts/slick-3.html]
[vcard.bizzlog.com/assets/css/slider/css/fonts/slick-4.html]
[vcard.bizzlog.com/assets/images/sort_both.html]
[vcard.bizzlog.com/assets/images/sort_asc.html]
[vcard.bizzlog.com/assets/images/sort_desc.html]
[vcard.bizzlog.com/assets/images/sort_asc_disabled.html]
[vcard.bizzlog.com/assets/images/sort_desc_disabled.html]
[vcard.bizzlog.com/assets/css/pagebc2a.css]
[vcard.bizzlog.com/forgot-password.html]
[vcard.bizzlog.com/register.html]
[vcard.bizzlog.com/session-time/login2creations.html]
[vcard.bizzlog.com/language.html]
[vcard.bizzlog.com/session-time/login2creations.html]
[vcard.bizzlog.com/language.html]
